// Jest Snapshot v1, https://goo.gl/fbAQLP

exports[`displayItemsSaga Saga should dispatch the getItemsSuccess action if it requests the data successfully 1`] = `
Object {
  "@@redux-saga/IO": true,
  "ALL": Array [
    GeneratorFunctionPrototype {
      "_invoke": [Function],
    },
  ],
}
`;
